// Jest Snapshot v1, https://goo.gl/fbAQLP

exports[`uniqueNetworks creates a mapping of grouped networks 1`] = `
Object {
  "1\\\\VMWareCluster1-vm_network1": Array [
    Object {
      "allow_promiscuous": null,
      "clusterId": "1",
      "computed_allow_promiscuous": null,
      "computed_forged_transmits": null,
      "computed_mac_changes": null,
      "created_on": "2017-06-01T04:24:18Z",
      "forged_transmits": null,
      "href": "http://localhost:3000/api/lans/10000000000007",
      "id": "1-1",
      "mac_changes": null,
      "name": "VMWareCluster1-vm_network1",
      "parent_id": null,
      "switch_id": "1",
      "tag": "23",
      "uid_ems": "VMWareCluster1-vm_network1",
      "updated_on": "2017-06-01T04:24:18Z",
    },
    Object {
      "allow_promiscuous": null,
      "clusterId": "1",
      "computed_allow_promiscuous": null,
      "computed_forged_transmits": null,
      "computed_mac_changes": null,
      "created_on": "2017-06-01T04:24:18Z",
      "forged_transmits": null,
      "href": "http://localhost:3000/api/lans/10000000000008",
      "id": "1-2",
      "mac_changes": null,
      "name": "VMWareCluster1-vm_network1",
      "parent_id": null,
      "switch_id": "2",
      "tag": "24",
      "uid_ems": "VMWareCluster1-vm_network1",
      "updated_on": "2017-06-01T04:24:18Z",
    },
  ],
  "1\\\\VMWareCluster1-vm_network2": Array [
    Object {
      "allow_promiscuous": null,
      "clusterId": "1",
      "computed_allow_promiscuous": null,
      "computed_forged_transmits": null,
      "computed_mac_changes": null,
      "created_on": "2017-06-01T04:24:18Z",
      "forged_transmits": null,
      "href": "http://localhost:3000/api/lans/10000000000009",
      "id": "1-3",
      "mac_changes": null,
      "name": "VMWareCluster1-vm_network2",
      "parent_id": null,
      "switch_id": "1",
      "tag": "24",
      "uid_ems": "VMWareCluster1-vm_network2",
      "updated_on": "2017-06-01T04:24:18Z",
    },
  ],
  "1\\\\VMWareCluster1-vm_network3": Array [
    Object {
      "allow_promiscuous": null,
      "clusterId": "1",
      "computed_allow_promiscuous": null,
      "computed_forged_transmits": null,
      "computed_mac_changes": null,
      "created_on": "2017-06-01T04:24:18Z",
      "forged_transmits": null,
      "href": "http://localhost:3000/api/lans/10000000000010",
      "id": "1-4",
      "mac_changes": null,
      "name": "VMWareCluster1-vm_network3",
      "parent_id": null,
      "switch_id": "1",
      "tag": "24",
      "uid_ems": "VMWareCluster1-vm_network3",
      "updated_on": "2017-06-01T04:24:18Z",
    },
  ],
}
`;
