// Jest Snapshot v1, https://goo.gl/fbAQLP

exports[`Mapping Wizard integration test should mount the MappingWizard with mapStateToProps reduced 1`] = `
Object {
  "alert": "",
  "editingMapping": null,
  "hideAlertAction": [Function],
  "hideMappingWizard": true,
  "hideMappingWizardAction": [Function],
  "hideWarningModalAction": [Function],
  "mappingWizardClustersStep": Object {},
  "mappingWizardDatastoresStep": Object {},
  "mappingWizardExitedAction": [Function],
  "mappingWizardGeneralStep": Object {},
  "mappingWizardNetworksStep": Object {},
  "setTransformationsBodyAction": [Function],
  "showAlertAction": [Function],
  "showWarningModalAction": [Function],
  "transformationsBody": Object {},
  "warningModalVisible": false,
}
`;
