// Jest Snapshot v1, https://goo.gl/fbAQLP

exports[`getProviderIds returns an array with unique ems IDs 1`] = `
Array [
  "1",
  "2",
]
`;
