// Jest Snapshot v1, https://goo.gl/fbAQLP

exports[`Mapping Wizard integration test should mount the MappingWizardClusterStep with mapStateToProps reduced 1`] = `
Object {
  "enableReinitialize": true,
  "fetchSourceClustersAction": [Function],
  "fetchSourceClustersUrl": "/api/dummyProviders",
  "fetchTargetClustersAction": [Function],
  "hideAlertAction": [Function],
  "initialValues": Object {
    "clusterMappings": Array [],
  },
  "isFetchingSourceClusters": true,
  "isFetchingTargetClusters": true,
  "isRejectedSourceClusters": false,
  "isRejectedTargetClusters": false,
  "keepDirtyOnReinitialize": true,
  "ospConversionHosts": Array [],
  "queryProvidersAction": [Function],
  "rhvConversionHosts": Array [],
  "showAlertAction": [Function],
  "sourceClusters": Array [],
  "targetClusters": Array [],
  "targetProvider": "rhevm",
}
`;
